INFO: [VRFC 10-2263] Analyzing Verilog file "Z:/2026 CAU/AIX2026/git/Yolo_Accelerator/yolohw/src/add_tree_36in.v" into library xil_defaultlib
INFO: [VRFC 10-311] analyzing module add_tree_36in
INFO: [VRFC 10-2263] Analyzing Verilog file "Z:/2026 CAU/AIX2026/git/Yolo_Accelerator/yolohw/src/axi_dma_rd.v" into library xil_defaultlib
INFO: [VRFC 10-311] analyzing module axi_dma_rd
WARNING: [VRFC 10-3380] identifier 'RD_SEQ' is used before its declaration [Z:/2026 CAU/AIX2026/git/Yolo_Accelerator/yolohw/src/axi_dma_rd.v:258]
WARNING: [VRFC 10-3380] identifier 'RD_SEQ' is used before its declaration [Z:/2026 CAU/AIX2026/git/Yolo_Accelerator/yolohw/src/axi_dma_rd.v:265]
WARNING: [VRFC 10-3380] identifier 'RD_WAIT' is used before its declaration [Z:/2026 CAU/AIX2026/git/Yolo_Accelerator/yolohw/src/axi_dma_rd.v:287]
INFO: [VRFC 10-2263] Analyzing Verilog file "Z:/2026 CAU/AIX2026/git/Yolo_Accelerator/yolohw/src/axi_dma_wr.v" into library xil_defaultlib
INFO: [VRFC 10-311] analyzing module axi_dma_wr
INFO: [VRFC 10-2263] Analyzing Verilog file "Z:/2026 CAU/AIX2026/git/Yolo_Accelerator/yolohw/src/conv_top.v" into library xil_defaultlib
INFO: [VRFC 10-311] analyzing module conv_top
INFO: [VRFC 10-2263] Analyzing Verilog file "Z:/2026 CAU/AIX2026/git/Yolo_Accelerator/yolohw/src/dpram_wrapper.v" into library xil_defaultlib
INFO: [VRFC 10-311] analyzing module dpram_wrapper
INFO: [VRFC 10-2263] Analyzing Verilog file "Z:/2026 CAU/AIX2026/git/Yolo_Accelerator/yolohw/src/gbuff_param.v" into library xil_defaultlib
INFO: [VRFC 10-311] analyzing module gbuff_param
INFO: [VRFC 10-2263] Analyzing Verilog file "Z:/2026 CAU/AIX2026/git/Yolo_Accelerator/yolohw/src/ifm_line_buf.v" into library xil_defaultlib
INFO: [VRFC 10-311] analyzing module ifm_line_buf
WARNING: [VRFC 10-3380] identifier 'col_invalid_3x3' is used before its declaration [Z:/2026 CAU/AIX2026/git/Yolo_Accelerator/yolohw/src/ifm_line_buf.v:222]
WARNING: [VRFC 10-3380] identifier 'row_invalid' is used before its declaration [Z:/2026 CAU/AIX2026/git/Yolo_Accelerator/yolohw/src/ifm_line_buf.v:223]
INFO: [VRFC 10-2263] Analyzing Verilog file "Z:/2026 CAU/AIX2026/git/Yolo_Accelerator/yolohw/src/mac_kern.v" into library xil_defaultlib
INFO: [VRFC 10-311] analyzing module mac_kern
INFO: [VRFC 10-2263] Analyzing Verilog file "Z:/2026 CAU/AIX2026/git/Yolo_Accelerator/yolohw/src/mac_stack.v" into library xil_defaultlib
INFO: [VRFC 10-311] analyzing module mac_stack
INFO: [VRFC 10-2263] Analyzing Verilog file "Z:/2026 CAU/AIX2026/git/Yolo_Accelerator/yolohw/src/max_pool_s1_unit.v" into library xil_defaultlib
INFO: [VRFC 10-311] analyzing module max_pool_s1_unit
INFO: [VRFC 10-2263] Analyzing Verilog file "Z:/2026 CAU/AIX2026/git/Yolo_Accelerator/yolohw/src/max_pool_unit.v" into library xil_defaultlib
INFO: [VRFC 10-311] analyzing module max_pool_unit
INFO: [VRFC 10-2263] Analyzing Verilog file "Z:/2026 CAU/AIX2026/git/Yolo_Accelerator/yolohw/src/mul.v" into library xil_defaultlib
INFO: [VRFC 10-311] analyzing module mul
WARNING: [VRFC 10-3507] macro 'NUM_BRAMS' redefined [../../../../../../src/define.v:25]
WARNING: [VRFC 10-3507] macro 'BRAM_WIDTH' redefined [../../../../../../src/define.v:26]
WARNING: [VRFC 10-3507] macro 'BRAM_DELAY' redefined [../../../../../../src/define.v:27]
INFO: [VRFC 10-2263] Analyzing Verilog file "Z:/2026 CAU/AIX2026/git/Yolo_Accelerator/yolohw/src/post_process.v" into library xil_defaultlib
INFO: [VRFC 10-311] analyzing module post_process
INFO: [VRFC 10-2263] Analyzing Verilog file "Z:/2026 CAU/AIX2026/git/Yolo_Accelerator/yolohw/src/upsample_unit.v" into library xil_defaultlib
INFO: [VRFC 10-311] analyzing module upsample_unit
INFO: [VRFC 10-2263] Analyzing Verilog file "Z:/2026 CAU/AIX2026/git/Yolo_Accelerator/yolohw/src/yolo_engine.v" into library xil_defaultlib
WARNING: [VRFC 10-3507] macro 'NUM_BRAMS' redefined [../../../../../../src/user_define_h.v:19]
WARNING: [VRFC 10-3507] macro 'BRAM_WIDTH' redefined [../../../../../../src/user_define_h.v:20]
WARNING: [VRFC 10-3507] macro 'BRAM_DELAY' redefined [../../../../../../src/user_define_h.v:21]
INFO: [VRFC 10-311] analyzing module yolo_engine
INFO: [VRFC 10-2263] Analyzing Verilog file "Z:/2026 CAU/AIX2026/git/Yolo_Accelerator/yolohw/src/yolo_engine_axi.v" into library xil_defaultlib
INFO: [VRFC 10-311] analyzing module yolo_engine_axi
INFO: [VRFC 10-2263] Analyzing Verilog file "Z:/2026 CAU/AIX2026/git/Yolo_Accelerator/yolohw/sim/yolo_engine_golden_tb.v" into library xil_defaultlib
INFO: [VRFC 10-311] analyzing module yolo_engine_golden_tb
