Vivado Simulator v2021.1
Copyright 1986-1999, 2001-2021 Xilinx, Inc. All Rights Reserved.
Running: D:/ProgramFiles/Vivado/2021.1/bin/unwrapped/win64.o/xelab.exe -wto 099edbdc047e40939906dc948bc5b4e6 --incr --debug typical --relax --mt 2 -L xil_defaultlib -L unisims_ver -L unimacro_ver -L secureip -L xpm --snapshot yolo_engine_golden_tb_behav xil_defaultlib.yolo_engine_golden_tb xil_defaultlib.glbl -log elaborate.log 
Using 2 slave threads.
Starting static elaboration
Pass Through NonSizing Optimizer
Completed static elaboration
Starting simulation data flow analysis
Completed simulation data flow analysis
Time Resolution for simulation is 1ps
Compiling module xil_defaultlib.yolo_engine_axi_default
Compiling module xil_defaultlib.axi_dma_rd(BITS_TRANS=20)
Compiling module xil_defaultlib.axi_dma_wr(BITS_TRANS=20,OUT_BIT...
Compiling module xil_defaultlib.ifm_line_buf
Compiling module xil_defaultlib.gbuff_param
Compiling module xil_defaultlib.mul_default
Compiling module xil_defaultlib.add_tree_36in
Compiling module xil_defaultlib.mac_stack_default
Compiling module xil_defaultlib.post_process
Compiling module xil_defaultlib.mac_kern
Compiling module xil_defaultlib.conv_top
Compiling module xil_defaultlib.max_pool_unit
Compiling module xil_defaultlib.max_pool_s1_unit
Compiling module xil_defaultlib.upsample_unit
Compiling module xil_defaultlib.dpram_wrapper(DW=32,AW=16,DEPTH=...
Compiling module xil_defaultlib.yolo_engine
Compiling module xil_defaultlib.yolo_engine_golden_tb
Compiling module xil_defaultlib.glbl
Built simulation snapshot yolo_engine_golden_tb_behav
